 WARN Encountered 1 warning while parsing the manifest:
  ⚠ The `project` field is deprecated. Use `workspace` instead.
   ╭─[/home/runner/work/Alpine-watch/Alpine-watch/pixi.toml:1:1]
 1 │ ╭─▶ [project]
 2 │ │   name = "alpine-watch"
 3 │ │   version = "0.2.0"
 4 │ │   description = "Alpine Lake Watch — Sierra Nevada & Cascades, from the ground and from space"
 5 │ │   authors = ["Brooks Groves <bdgroves@github>"]
 6 │ │   channels = ["conda-forge"]
 7 │ ├─▶ platforms = ["win-64", "linux-64", "osx-arm64"]
   · ╰──── replace this with 'workspace'
 8 │     
   ╰────

✨ Pixi task (space): python scripts/space.py crater_lake --since 2017-03-01
── Crater Lake: 53.11 km² (3 km circle), shore buffer 40/60 m
  Sentinel-2: 391 days, 391 new
/home/runner/work/Alpine-watch/Alpine-watch/.pixi/envs/default/lib/python3.12/site-packages/rasterio/features.py:381: NotGeoreferencedWarning: Dataset has no geotransform, gcps, or rpcs. The identity matrix will be returned.
  _rasterize(
  S2: 100/391 in 48 s
  S2: 200/391 in 85 s
  S2: 300/391 in 115 s
  Sentinel-2: 391 scenes on file, 348 with a clear colour reading
  Landsat: 163 scenes, 163 new
  LS: 100/163 in 37 s
  Landsat: 163 scenes on file, 139 with a temperature
  Crater Lake done in 205 s
