 WARN Encountered 1 warning while parsing the manifest:
  ⚠ The `project` field is deprecated. Use `workspace` instead.
   ╭─[/home/runner/work/Alpine-watch/Alpine-watch/pixi.toml:1:1]
 1 │ ╭─▶ [project]
 2 │ │   name = "alpine-watch"
 3 │ │   version = "0.2.0"
 4 │ │   description = "Alpine Lake Watch — Sierra Nevada & Cascades, from the ground and from space"
 5 │ │   authors = ["Brooks Groves <bdgroves@github>"]
 6 │ │   channels = ["conda-forge"]
 7 │ ├─▶ platforms = ["win-64", "linux-64", "osx-arm64"]
   · ╰──── replace this with 'workspace'
 8 │     
   ╰────

✨ Pixi task (space): python scripts/space.py fallen_leaf --since 2017-03-01
── Fallen Leaf Lake: 5.66 km², shore buffer 40/60 m
  Sentinel-2: 887 days, 887 new
/home/runner/work/Alpine-watch/Alpine-watch/.pixi/envs/default/lib/python3.12/site-packages/rasterio/features.py:381: NotGeoreferencedWarning: Dataset has no geotransform, gcps, or rpcs. The identity matrix will be returned.
  _rasterize(
  S2: 100/887 in 27 s
  S2: 200/887 in 54 s
  S2: 300/887 in 78 s
  S2: 400/887 in 102 s
  S2: 500/887 in 124 s
  S2: 600/887 in 144 s
  S2: 700/887 in 163 s
  S2: 800/887 in 179 s
  Sentinel-2: 887 scenes on file, 572 with a clear colour reading
  Landsat: 196 scenes, 196 new
  LS: 100/196 in 24 s
  Landsat: 196 scenes on file, 156 with a temperature
  Fallen Leaf Lake done in 287 s
