 WARN Encountered 1 warning while parsing the manifest:
  ⚠ The `project` field is deprecated. Use `workspace` instead.
   ╭─[/home/runner/work/Alpine-watch/Alpine-watch/pixi.toml:1:1]
 1 │ ╭─▶ [project]
 2 │ │   name = "alpine-watch"
 3 │ │   version = "0.2.0"
 4 │ │   description = "Alpine Lake Watch — Sierra Nevada & Cascades, from the ground and from space"
 5 │ │   authors = ["Brooks Groves <bdgroves@github>"]
 6 │ │   channels = ["conda-forge"]
 7 │ ├─▶ platforms = ["win-64", "linux-64", "osx-arm64"]
   · ╰──── replace this with 'workspace'
 8 │     
   ╰────

✨ Pixi task (space): python scripts/space.py lake_chelan --since 2017-03-01
── Lake Chelan: 132.32 km² (3 km circle), shore buffer 40/60 m
  Sentinel-2: 664 days, 664 new
/home/runner/work/Alpine-watch/Alpine-watch/.pixi/envs/default/lib/python3.12/site-packages/rasterio/features.py:381: NotGeoreferencedWarning: Dataset has no geotransform, gcps, or rpcs. The identity matrix will be returned.
  _rasterize(
  S2: 100/664 in 33 s
  S2: 200/664 in 60 s
  S2: 300/664 in 89 s
  S2: 400/664 in 111 s
  S2: 500/664 in 131 s
  S2: 600/664 in 146 s
  Sentinel-2: 664 scenes on file, 430 with a clear colour reading
  Landsat: 171 scenes, 171 new
  LS: 100/171 in 32 s
  Landsat: 171 scenes on file, 110 with a temperature
  Lake Chelan done in 1127 s
