 WARN Encountered 1 warning while parsing the manifest:
  ⚠ The `project` field is deprecated. Use `workspace` instead.
   ╭─[/home/runner/work/Alpine-watch/Alpine-watch/pixi.toml:1:1]
 1 │ ╭─▶ [project]
 2 │ │   name = "alpine-watch"
 3 │ │   version = "0.2.0"
 4 │ │   description = "Alpine Lake Watch — Sierra Nevada & Cascades, from the ground and from space"
 5 │ │   authors = ["Brooks Groves <bdgroves@github>"]
 6 │ │   channels = ["conda-forge"]
 7 │ ├─▶ platforms = ["win-64", "linux-64", "osx-arm64"]
   · ╰──── replace this with 'workspace'
 8 │     
   ╰────

✨ Pixi task (space): python scripts/space.py mono_lake --since 2017-03-01
── Mono Lake: 184.19 km² (3 km circle), shore buffer 40/60 m
  Sentinel-2: 453 days, 453 new
/home/runner/work/Alpine-watch/Alpine-watch/.pixi/envs/default/lib/python3.12/site-packages/rasterio/features.py:381: NotGeoreferencedWarning: Dataset has no geotransform, gcps, or rpcs. The identity matrix will be returned.
  _rasterize(
  S2: 100/453 in 40 s
  S2: 200/453 in 75 s
  S2: 300/453 in 100 s
  S2: 400/453 in 121 s
  Sentinel-2: 453 scenes on file, 411 with a clear colour reading
  Landsat: 199 scenes, 199 new
  LS: 100/199 in 30 s
  Landsat: 199 scenes on file, 169 with a temperature
  Mono Lake done in 217 s
