 WARN Encountered 1 warning while parsing the manifest:
  ⚠ The `project` field is deprecated. Use `workspace` instead.
   ╭─[/home/runner/work/Alpine-watch/Alpine-watch/pixi.toml:1:1]
 1 │ ╭─▶ [project]
 2 │ │   name = "alpine-watch"
 3 │ │   version = "0.2.0"
 4 │ │   description = "Alpine Lake Watch — Sierra Nevada & Cascades, from the ground and from space"
 5 │ │   authors = ["Brooks Groves <bdgroves@github>"]
 6 │ │   channels = ["conda-forge"]
 7 │ ├─▶ platforms = ["win-64", "linux-64", "osx-arm64"]
   · ╰──── replace this with 'workspace'
 8 │     
   ╰────

✨ Pixi task (space): python scripts/space.py twin_lakes_bridgeport --since 2017-03-01
── Lower Twin Lake (Bridgeport): 1.69 km², shore buffer 40/60 m
  Sentinel-2: 457 days, 457 new
/home/runner/work/Alpine-watch/Alpine-watch/.pixi/envs/default/lib/python3.12/site-packages/rasterio/features.py:381: NotGeoreferencedWarning: Dataset has no geotransform, gcps, or rpcs. The identity matrix will be returned.
  _rasterize(
  S2: 100/457 in 30 s
  S2: 200/457 in 58 s
  S2: 300/457 in 79 s
  S2: 400/457 in 95 s
  Sentinel-2: 457 scenes on file, 123 with a clear colour reading
  Landsat: 584 scenes, 584 new
  LS: 100/584 in 29 s
  LS: 200/584 in 53 s
  LS: 300/584 in 75 s
  LS: 400/584 in 97 s
  LS: 500/584 in 118 s
  Landsat: 584 scenes on file, 400 with a temperature
  Lower Twin Lake (Bridgeport) done in 250 s
