 WARN Encountered 1 warning while parsing the manifest:
  ⚠ The `project` field is deprecated. Use `workspace` instead.
   ╭─[/home/runner/work/Alpine-watch/Alpine-watch/pixi.toml:1:1]
 1 │ ╭─▶ [project]
 2 │ │   name = "alpine-watch"
 3 │ │   version = "0.2.0"
 4 │ │   description = "Alpine Lake Watch — Sierra Nevada & Cascades, from the ground and from space"
 5 │ │   authors = ["Brooks Groves <bdgroves@github>"]
 6 │ │   channels = ["conda-forge"]
 7 │ ├─▶ platforms = ["win-64", "linux-64", "osx-arm64"]
   · ╰──── replace this with 'workspace'
 8 │     
   ╰────

✨ Pixi task (space): python scripts/space.py waldo_lake --since 2017-03-01
── Waldo Lake: 24.52 km², shore buffer 40/60 m
  Sentinel-2: 367 days, 367 new
/home/runner/work/Alpine-watch/Alpine-watch/.pixi/envs/default/lib/python3.12/site-packages/rasterio/features.py:381: NotGeoreferencedWarning: Dataset has no geotransform, gcps, or rpcs. The identity matrix will be returned.
  _rasterize(
  S2: 100/367 in 45 s
  S2: 200/367 in 81 s
  S2: 300/367 in 109 s
  Sentinel-2: 367 scenes on file, 307 with a clear colour reading
  Landsat: 376 scenes, 376 new
  LS: 100/376 in 41 s
  LS: 200/376 in 78 s
  LS: 300/376 in 115 s
  Landsat: 376 scenes on file, 279 with a temperature
  Waldo Lake done in 274 s
